MO baturgultekin_egenalbant_sectionI_TermProjectSim NULL baturgultekin_egenalbant_sectionI_TermProjectSim.v vlg55/baturgultekin__egenalbant__section_i___term_project_sim.bin 1576598089
MO atm NULL baturgultekin_egenalbant_sectionI_TermProjectSim.v vlg2A/atm.bin 1576608790
MO clk_divider NULL clk_divider.v vlg70/clk__divider.bin 1577046813
MO ssd NULL ssd.v vlg5E/ssd.bin 1577046813
MO atm_test NULL atm_test.v vlg55/atm__test.bin 1577018404
MO baturgultekin_egenalbant_sectionI_TermProjSim NULL baturgultekin_egenalbant_sectionI_TermProjectSim.v vlg15/baturgultekin__egenalbant__section_i___term_proj_sim.bin 1576607224
MO baturgultekin_egenalbant_sectionI_TermProjSimulation NULL baturgultekin_egenalbant_sectionI_TermProjectSim.v vlg79/baturgultekin__egenalbant__section_i___term_proj_simulation.bin 1577046813
MO TopModule NULL TopModule.v vlg79/_top_module.bin 1577046813
MO debouncer NULL debouncer.v vlg03/debouncer.bin 1577046813
