MO HybridCLAdder15Bit NULL HybridCLAdder15Bit.v vlg1A/_hybrid_c_l_adder15_bit.bin 1574025638
MO HybridCLAdder3Module NULL HybridCLAdder4Module.v vlg1A/_hybrid_c_l_adder3_module.bin 1574025638
MO FullAdderModule NULL FullAdderModule.v vlg3D/_full_adder_module.bin 1574025860
MO FullAdder15Bit NULL FullAdder15Bit.v vlg44/_full_adder15_bit.bin 1574025861
