MO CLA3Bit NULL CLA3Bit.vf vlg22/_c_l_a3_bit.bin 1573020835
MO CarryLookAHeadHybridlAdderSubtractor15Bit NULL CarryLookAHeadHybridlAdderSubtractor15Bit.vf vlg55/_carry_look_a_head_hybridl_adder_subtractor15_bit.bin 1573020835
MO GPG NULL GPG.vf vlg46/_g_p_g.bin 1573020835
MO GPG_MUSER_CarryLookAHeadHybridlAdderSubtractor15Bit NULL CarryLookAHeadHybridlAdderSubtractor15Bit.vf vlg0D/_g_p_g___m_u_s_e_r___carry_look_a_head_hybridl_adder_subtractor15_bit.bin 1573020835
MO CarryLookAHeadHybridlAdderSubtractor15Bit_CarryLookAHeadHybridlAdderSubtractor15Bit_sch_tb NULL ../BaturGultekin_24188_EgeNalbant_24859/CLAtest.v vlg07/_carry_look_a_head_hybridl_adder_subtractor15_bit___carry_look_a_head_hybridl_adder_subtractor15_bit__sch__tb.bin 1573020835
MO CLA3Bit_MUSER_CarryLookAHeadHybridlAdderSubtractor15Bit NULL CarryLookAHeadHybridlAdderSubtractor15Bit.vf vlg69/_c_l_a3_bit___m_u_s_e_r___carry_look_a_head_hybridl_adder_subtractor15_bit.bin 1573020835
