--------------------------------------------------------------------------------
Release 14.7 Trace  (nt64)
Copyright (c) 1995-2013 Xilinx, Inc.  All rights reserved.

C:\Xilinx\14.7\ISE_DS\ISE\bin\nt64\unwrapped\trce.exe -intstyle ise -v 3 -s 4
-n 3 -fastpaths -xml HybridCLAdder15Bit.twx HybridCLAdder15Bit.ncd -o
HybridCLAdder15Bit.twr HybridCLAdder15Bit.pcf

Design file:              HybridCLAdder15Bit.ncd
Physical constraint file: HybridCLAdder15Bit.pcf
Device,package,speed:     xc3s100e,tq144,-4 (PRODUCTION 1.27 2013-10-13)
Report level:             verbose report

Environment Variable      Effect 
--------------------      ------ 
NONE                      No environment variables were set
--------------------------------------------------------------------------------

INFO:Timing:2698 - No timing constraints found, doing default enumeration.
INFO:Timing:3412 - To improve timing, see the Timing Closure User Guide (UG612).
INFO:Timing:2752 - To get complete path coverage, use the unconstrained paths 
   option. All paths that are not constrained will be reported in the 
   unconstrained paths section(s) of the report.
INFO:Timing:3339 - The clock-to-out numbers in this timing report are based on 
   a 50 Ohm transmission line loading model.  For the details of this model, 
   and for more information on accounting for different loading conditions, 
   please see the device datasheet.
INFO:Timing:3390 - This architecture does not support a default System Jitter 
   value, please add SYSTEM_JITTER constraint to the UCF to modify the Clock 
   Uncertainty calculation.
INFO:Timing:3389 - This architecture does not support 'Discrete Jitter' and 
   'Phase Error' calculations, these terms will be zero in the Clock 
   Uncertainty calculation.  Please make appropriate modification to 
   SYSTEM_JITTER to account for the unsupported Discrete Jitter and Phase 
   Error.



Data Sheet report:
-----------------
All values displayed in nanoseconds (ns)

Pad to Pad
---------------+---------------+---------+
Source Pad     |Destination Pad|  Delay  |
---------------+---------------+---------+
A<0>           |Cout           |   20.973|
A<0>           |S<0>           |    6.766|
A<0>           |S<1>           |    8.508|
A<0>           |S<2>           |   11.793|
A<0>           |S<3>           |   11.612|
A<0>           |S<4>           |   11.671|
A<0>           |S<5>           |   13.484|
A<0>           |S<6>           |   14.892|
A<0>           |S<7>           |   14.855|
A<0>           |S<8>           |   16.880|
A<0>           |S<9>           |   18.339|
A<0>           |S<10>          |   18.930|
A<0>           |S<11>          |   19.793|
A<0>           |S<12>          |   17.854|
A<0>           |S<13>          |   17.980|
A<0>           |S<14>          |   20.107|
A<0>           |V              |   20.710|
A<1>           |Cout           |   19.161|
A<1>           |S<1>           |    7.532|
A<1>           |S<2>           |    9.981|
A<1>           |S<3>           |    9.800|
A<1>           |S<4>           |    9.859|
A<1>           |S<5>           |   11.672|
A<1>           |S<6>           |   13.080|
A<1>           |S<7>           |   13.043|
A<1>           |S<8>           |   15.068|
A<1>           |S<9>           |   16.527|
A<1>           |S<10>          |   17.118|
A<1>           |S<11>          |   17.981|
A<1>           |S<12>          |   16.042|
A<1>           |S<13>          |   16.168|
A<1>           |S<14>          |   18.295|
A<1>           |V              |   18.898|
A<2>           |Cout           |   17.782|
A<2>           |S<2>           |    8.336|
A<2>           |S<3>           |    8.421|
A<2>           |S<4>           |    8.480|
A<2>           |S<5>           |   10.293|
A<2>           |S<6>           |   11.701|
A<2>           |S<7>           |   11.664|
A<2>           |S<8>           |   13.689|
A<2>           |S<9>           |   15.148|
A<2>           |S<10>          |   15.739|
A<2>           |S<11>          |   16.602|
A<2>           |S<12>          |   14.663|
A<2>           |S<13>          |   14.789|
A<2>           |S<14>          |   16.916|
A<2>           |V              |   17.519|
A<3>           |Cout           |   17.409|
A<3>           |S<3>           |    8.168|
A<3>           |S<4>           |    8.172|
A<3>           |S<5>           |    9.920|
A<3>           |S<6>           |   11.328|
A<3>           |S<7>           |   11.291|
A<3>           |S<8>           |   13.316|
A<3>           |S<9>           |   14.775|
A<3>           |S<10>          |   15.366|
A<3>           |S<11>          |   16.229|
A<3>           |S<12>          |   14.290|
A<3>           |S<13>          |   14.416|
A<3>           |S<14>          |   16.543|
A<3>           |V              |   17.146|
A<4>           |Cout           |   17.908|
A<4>           |S<4>           |    8.644|
A<4>           |S<5>           |   10.419|
A<4>           |S<6>           |   11.827|
A<4>           |S<7>           |   11.790|
A<4>           |S<8>           |   13.815|
A<4>           |S<9>           |   15.274|
A<4>           |S<10>          |   15.865|
A<4>           |S<11>          |   16.728|
A<4>           |S<12>          |   14.789|
A<4>           |S<13>          |   14.915|
A<4>           |S<14>          |   17.042|
A<4>           |V              |   17.645|
A<5>           |Cout           |   14.383|
A<5>           |S<5>           |    7.438|
A<5>           |S<6>           |    8.302|
A<5>           |S<7>           |    8.265|
A<5>           |S<8>           |   10.290|
A<5>           |S<9>           |   11.749|
A<5>           |S<10>          |   12.340|
A<5>           |S<11>          |   13.203|
A<5>           |S<12>          |   11.264|
A<5>           |S<13>          |   11.390|
A<5>           |S<14>          |   13.517|
A<5>           |V              |   14.120|
A<6>           |Cout           |   14.195|
A<6>           |S<6>           |    7.987|
A<6>           |S<7>           |    8.008|
A<6>           |S<8>           |   10.102|
A<6>           |S<9>           |   11.561|
A<6>           |S<10>          |   12.152|
A<6>           |S<11>          |   13.015|
A<6>           |S<12>          |   11.076|
A<6>           |S<13>          |   11.202|
A<6>           |S<14>          |   13.329|
A<6>           |V              |   13.932|
A<7>           |Cout           |   14.815|
A<7>           |S<7>           |    8.817|
A<7>           |S<8>           |   10.722|
A<7>           |S<9>           |   12.181|
A<7>           |S<10>          |   12.772|
A<7>           |S<11>          |   13.635|
A<7>           |S<12>          |   11.696|
A<7>           |S<13>          |   11.822|
A<7>           |S<14>          |   13.949|
A<7>           |V              |   14.552|
A<8>           |Cout           |   11.391|
A<8>           |S<8>           |    7.572|
A<8>           |S<9>           |    8.757|
A<8>           |S<10>          |    9.348|
A<8>           |S<11>          |   10.211|
A<8>           |S<12>          |    8.272|
A<8>           |S<13>          |    8.398|
A<8>           |S<14>          |   10.525|
A<8>           |V              |   11.128|
A<9>           |S<9>           |    7.385|
A<9>           |S<10>          |    7.841|
A<9>           |S<11>          |    8.437|
A<10>          |S<10>          |    8.772|
A<10>          |S<11>          |    9.557|
A<11>          |S<11>          |    6.492|
A<12>          |Cout           |    9.416|
A<12>          |S<12>          |    6.858|
A<12>          |S<13>          |    6.597|
A<12>          |S<14>          |    8.550|
A<12>          |V              |    9.153|
A<13>          |Cout           |   11.326|
A<13>          |S<13>          |    8.380|
A<13>          |S<14>          |   10.460|
A<13>          |V              |   11.063|
A<14>          |Cout           |    6.741|
A<14>          |S<14>          |    6.508|
A<14>          |V              |    7.111|
B<0>           |Cout           |   19.088|
B<0>           |S<0>           |    7.207|
B<0>           |S<1>           |    7.459|
B<0>           |S<2>           |    9.908|
B<0>           |S<3>           |    9.727|
B<0>           |S<4>           |    9.786|
B<0>           |S<5>           |   11.599|
B<0>           |S<6>           |   13.007|
B<0>           |S<7>           |   12.970|
B<0>           |S<8>           |   14.995|
B<0>           |S<9>           |   16.454|
B<0>           |S<10>          |   17.045|
B<0>           |S<11>          |   17.908|
B<0>           |S<12>          |   15.969|
B<0>           |S<13>          |   16.095|
B<0>           |S<14>          |   18.222|
B<0>           |V              |   18.825|
B<1>           |Cout           |   19.652|
B<1>           |S<1>           |    8.038|
B<1>           |S<2>           |   10.472|
B<1>           |S<3>           |   10.291|
B<1>           |S<4>           |   10.350|
B<1>           |S<5>           |   12.163|
B<1>           |S<6>           |   13.571|
B<1>           |S<7>           |   13.534|
B<1>           |S<8>           |   15.559|
B<1>           |S<9>           |   17.018|
B<1>           |S<10>          |   17.609|
B<1>           |S<11>          |   18.472|
B<1>           |S<12>          |   16.533|
B<1>           |S<13>          |   16.659|
B<1>           |S<14>          |   18.786|
B<1>           |V              |   19.389|
B<2>           |Cout           |   18.681|
B<2>           |S<2>           |    7.656|
B<2>           |S<3>           |    9.320|
B<2>           |S<4>           |    9.379|
B<2>           |S<5>           |   11.192|
B<2>           |S<6>           |   12.600|
B<2>           |S<7>           |   12.563|
B<2>           |S<8>           |   14.588|
B<2>           |S<9>           |   16.047|
B<2>           |S<10>          |   16.638|
B<2>           |S<11>          |   17.501|
B<2>           |S<12>          |   15.562|
B<2>           |S<13>          |   15.688|
B<2>           |S<14>          |   17.815|
B<2>           |V              |   18.418|
B<3>           |Cout           |   17.137|
B<3>           |S<3>           |    7.185|
B<3>           |S<4>           |    7.842|
B<3>           |S<5>           |    9.648|
B<3>           |S<6>           |   11.056|
B<3>           |S<7>           |   11.019|
B<3>           |S<8>           |   13.044|
B<3>           |S<9>           |   14.503|
B<3>           |S<10>          |   15.094|
B<3>           |S<11>          |   15.957|
B<3>           |S<12>          |   14.018|
B<3>           |S<13>          |   14.144|
B<3>           |S<14>          |   16.271|
B<3>           |V              |   16.874|
B<4>           |Cout           |   17.830|
B<4>           |S<4>           |    8.566|
B<4>           |S<5>           |   10.341|
B<4>           |S<6>           |   11.749|
B<4>           |S<7>           |   11.712|
B<4>           |S<8>           |   13.737|
B<4>           |S<9>           |   15.196|
B<4>           |S<10>          |   15.787|
B<4>           |S<11>          |   16.650|
B<4>           |S<12>          |   14.711|
B<4>           |S<13>          |   14.837|
B<4>           |S<14>          |   16.964|
B<4>           |V              |   17.567|
B<5>           |Cout           |   14.922|
B<5>           |S<5>           |    8.105|
B<5>           |S<6>           |    8.841|
B<5>           |S<7>           |    8.804|
B<5>           |S<8>           |   10.829|
B<5>           |S<9>           |   12.288|
B<5>           |S<10>          |   12.879|
B<5>           |S<11>          |   13.742|
B<5>           |S<12>          |   11.803|
B<5>           |S<13>          |   11.929|
B<5>           |S<14>          |   14.056|
B<5>           |V              |   14.659|
B<6>           |Cout           |   14.861|
B<6>           |S<6>           |    7.819|
B<6>           |S<7>           |    8.596|
B<6>           |S<8>           |   10.768|
B<6>           |S<9>           |   12.227|
B<6>           |S<10>          |   12.818|
B<6>           |S<11>          |   13.681|
B<6>           |S<12>          |   11.742|
B<6>           |S<13>          |   11.868|
B<6>           |S<14>          |   13.995|
B<6>           |V              |   14.598|
B<7>           |Cout           |   15.754|
B<7>           |S<7>           |    9.756|
B<7>           |S<8>           |   11.661|
B<7>           |S<9>           |   13.120|
B<7>           |S<10>          |   13.711|
B<7>           |S<11>          |   14.574|
B<7>           |S<12>          |   12.635|
B<7>           |S<13>          |   12.761|
B<7>           |S<14>          |   14.888|
B<7>           |V              |   15.491|
B<8>           |Cout           |   12.017|
B<8>           |S<8>           |    8.077|
B<8>           |S<9>           |    9.383|
B<8>           |S<10>          |    9.974|
B<8>           |S<11>          |   10.837|
B<8>           |S<12>          |    8.898|
B<8>           |S<13>          |    9.024|
B<8>           |S<14>          |   11.151|
B<8>           |V              |   11.754|
B<9>           |S<9>           |    7.445|
B<9>           |S<10>          |    8.289|
B<9>           |S<11>          |    9.005|
B<10>          |S<10>          |    9.370|
B<10>          |S<11>          |   10.155|
B<11>          |S<11>          |    6.324|
B<12>          |Cout           |   10.294|
B<12>          |S<12>          |    7.115|
B<12>          |S<13>          |    7.530|
B<12>          |S<14>          |    9.428|
B<12>          |V              |   10.031|
B<13>          |Cout           |   11.673|
B<13>          |S<13>          |    8.727|
B<13>          |S<14>          |   10.807|
B<13>          |V              |   11.410|
B<14>          |Cout           |    6.595|
B<14>          |S<14>          |    7.121|
B<14>          |V              |    7.724|
M              |Cout           |   21.295|
M              |S<1>           |    9.683|
M              |S<2>           |   12.115|
M              |S<3>           |   11.934|
M              |S<4>           |   11.993|
M              |S<5>           |   13.806|
M              |S<6>           |   15.214|
M              |S<7>           |   15.177|
M              |S<8>           |   17.202|
M              |S<9>           |   18.661|
M              |S<10>          |   19.252|
M              |S<11>          |   20.115|
M              |S<12>          |   18.176|
M              |S<13>          |   18.302|
M              |S<14>          |   20.429|
M              |V              |   21.032|
---------------+---------------+---------+


Analysis completed Mon Nov 18 00:21:02 2019 
--------------------------------------------------------------------------------

Trace Settings:
-------------------------
Trace Settings 

Peak Memory Usage: 4488 MB



